🤖 Research Momentum Options Bot Active (Production Shadow Mode).

🌙 Outside Regular Market Hours. Standby polling...

🌙 Outside Regular Market Hours. Standby polling...

🌙 Outside Regular Market Hours. Standby polling...

🌙 Outside Regular Market Hours. Standby polling...

🌙 Outside Regular Market Hours. Standby polling...

🌙 Outside Regular Market Hours. Standby polling...

🌙 Outside Regular Market Hours. Standby polling...

🌙 Outside Regular Market Hours. Standby polling...

🌙 Outside Regular Market Hours. Standby polling...

🌙 Outside Regular Market Hours. Standby polling...

🌙 Outside Regular Market Hours. Standby polling...

🌙 Outside Regular Market Hours. Standby polling...

🌙 Outside Regular Market Hours. Standby polling...

🌙 Outside Regular Market Hours. Standby polling...

🌙 Outside Regular Market Hours. Standby polling...

🌙 Outside Regular Market Hours. Standby polling...

🌙 Outside Regular Market Hours. Standby polling...

🌙 Outside Regular Market Hours. Standby polling...

🌙 Outside Regular Market Hours. Standby polling...

🌙 Outside Regular Market Hours. Standby polling...

🌙 Outside Regular Market Hours. Standby polling...

🌙 Outside Regular Market Hours. Standby polling...

🌙 Outside Regular Market Hours. Standby polling...

🌙 Outside Regular Market Hours. Standby polling...

🌙 Outside Regular Market Hours. Standby polling...

🌙 Outside Regular Market Hours. Standby polling...

🌙 Outside Regular Market Hours. Standby polling...

🌙 Outside Regular Market Hours. Standby polling...

🌙 Outside Regular Market Hours. Standby polling...

🌙 Outside Regular Market Hours. Standby polling...

🌙 Outside Regular Market Hours. Standby polling...

🌙 Outside Regular Market Hours. Standby polling...

🌙 Outside Regular Market Hours. Standby polling...

🌙 Outside Regular Market Hours. Standby polling...

🌙 Outside Regular Market Hours. Standby polling...

🌙 Outside Regular Market Hours. Standby polling...

🌙 Outside Regular Market Hours. Standby polling...

🌙 Outside Regular Market Hours. Standby polling...

🌙 Outside Regular Market Hours. Standby polling...

🌙 Outside Regular Market Hours. Standby polling...

🌙 Outside Regular Market Hours. Standby polling...

🌙 Outside Regular Market Hours. Standby polling...

🌙 Outside Regular Market Hours. Standby polling...

🌙 Outside Regular Market Hours. Standby polling...

🌙 Outside Regular Market Hours. Standby polling...

🌙 Outside Regular Market Hours. Standby polling...

🌙 Outside Regular Market Hours. Standby polling...

🌙 Outside Regular Market Hours. Standby polling...

🌙 Outside Regular Market Hours. Standby polling...

🌙 Outside Regular Market Hours. Standby polling...

🌙 Outside Regular Market Hours. Standby polling...

🌙 Outside Regular Market Hours. Standby polling...

🌙 Outside Regular Market Hours. Standby polling...

🌙 Outside Regular Market Hours. Standby polling...

🌙 Outside Regular Market Hours. Standby polling...

🌙 Outside Regular Market Hours. Standby polling...

🌙 Outside Regular Market Hours. Standby polling...

🌙 Outside Regular Market Hours. Standby polling...

🌙 Outside Regular Market Hours. Standby polling...

🌙 Outside Regular Market Hours. Standby polling...

🌙 Outside Regular Market Hours. Standby polling...

🌙 Outside Regular Market Hours. Standby polling...

🌙 Outside Regular Market Hours. Standby polling...

🌙 Outside Regular Market Hours. Standby polling...

🌙 Outside Regular Market Hours. Standby polling...

🌙 Outside Regular Market Hours. Standby polling...

🌙 Outside Regular Market Hours. Standby polling...

🌙 Outside Regular Market Hours. Standby polling...

🌙 Outside Regular Market Hours. Standby polling...

🌙 Outside Regular Market Hours. Standby polling...

🌙 Outside Regular Market Hours. Standby polling...

🌙 Outside Regular Market Hours. Standby polling...

🌙 Outside Regular Market Hours. Standby polling...

🌙 Outside Regular Market Hours. Standby polling...

🌙 Outside Regular Market Hours. Standby polling...

🌙 Outside Regular Market Hours. Standby polling...

🌙 Outside Regular Market Hours. Standby polling...

🌙 Outside Regular Market Hours. Standby polling...

🌙 Outside Regular Market Hours. Standby polling...

🌙 Outside Regular Market Hours. Standby polling...

🌙 Outside Regular Market Hours. Standby polling...

🌙 Outside Regular Market Hours. Standby polling...

🌙 Outside Regular Market Hours. Standby polling...

🌙 Outside Regular Market Hours. Standby polling...

🌙 Outside Regular Market Hours. Standby polling...

🌙 Outside Regular Market Hours. Standby polling...

🌙 Outside Regular Market Hours. Standby polling...

🌙 Outside Regular Market Hours. Standby polling...

🌙 Outside Regular Market Hours. Standby polling...

🌙 Outside Regular Market Hours. Standby polling...

🌙 Outside Regular Market Hours. Standby polling...

🌙 Outside Regular Market Hours. Standby polling...

🌙 Outside Regular Market Hours. Standby polling...

🌙 Outside Regular Market Hours. Standby polling...

🌙 Outside Regular Market Hours. Standby polling...

🌙 Outside Regular Market Hours. Standby polling...

🌙 Outside Regular Market Hours. Standby polling...

🌙 Outside Regular Market Hours. Standby polling...

🌙 Outside Regular Market Hours. Standby polling...

🌙 Outside Regular Market Hours. Standby polling...

🌙 Outside Regular Market Hours. Standby polling...

🌙 Outside Regular Market Hours. Standby polling...

🌙 Outside Regular Market Hours. Standby polling...

🌙 Outside Regular Market Hours. Standby polling...

🌙 Outside Regular Market Hours. Standby polling...

🌙 Outside Regular Market Hours. Standby polling...

🌙 Outside Regular Market Hours. Standby polling...

🌙 Outside Regular Market Hours. Standby polling...

🌙 Outside Regular Market Hours. Standby polling...

🌙 Outside Regular Market Hours. Standby polling...

🌙 Outside Regular Market Hours. Standby polling...

🌙 Outside Regular Market Hours. Standby polling...

🌙 Outside Regular Market Hours. Standby polling...

🌙 Outside Regular Market Hours. Standby polling...

🌙 Outside Regular Market Hours. Standby polling...

🌙 Outside Regular Market Hours. Standby polling...

🌙 Outside Regular Market Hours. Standby polling...

🌙 Outside Regular Market Hours. Standby polling...

🌙 Outside Regular Market Hours. Standby polling...

🌙 Outside Regular Market Hours. Standby polling...

🌙 Outside Regular Market Hours. Standby polling...

🌙 Outside Regular Market Hours. Standby polling...

🌙 Outside Regular Market Hours. Standby polling...

🌙 Outside Regular Market Hours. Standby polling...

🌙 Outside Regular Market Hours. Standby polling...

🌙 Outside Regular Market Hours. Standby polling...

🌙 Outside Regular Market Hours. Standby polling...

🌙 Outside Regular Market Hours. Standby polling...

🌙 Outside Regular Market Hours. Standby polling...

🌙 Outside Regular Market Hours. Standby polling...

🌙 Outside Regular Market Hours. Standby polling...

🌙 Outside Regular Market Hours. Standby polling...

🌙 Outside Regular Market Hours. Standby polling...

🌙 Outside Regular Market Hours. Standby polling...

🌙 Outside Regular Market Hours. Standby polling...

🌙 Outside Regular Market Hours. Standby polling...

🌙 Outside Regular Market Hours. Standby polling...

🌙 Outside Regular Market Hours. Standby polling...

🌙 Outside Regular Market Hours. Standby polling...

🌙 Outside Regular Market Hours. Standby polling...

🌙 Outside Regular Market Hours. Standby polling...

🌙 Outside Regular Market Hours. Standby polling...

🌙 Outside Regular Market Hours. Standby polling...

🌙 Outside Regular Market Hours. Standby polling...

🌙 Outside Regular Market Hours. Standby polling...

🌙 Outside Regular Market Hours. Standby polling...

🌙 Outside Regular Market Hours. Standby polling...

🌙 Outside Regular Market Hours. Standby polling...

🌙 Outside Regular Market Hours. Standby polling...

🌙 Outside Regular Market Hours. Standby polling...

🌙 Outside Regular Market Hours. Standby polling...

🌙 Outside Regular Market Hours. Standby polling...

🌙 Outside Regular Market Hours. Standby polling...

🌙 Outside Regular Market Hours. Standby polling...

🌙 Outside Regular Market Hours. Standby polling...

🌙 Outside Regular Market Hours. Standby polling...

🌙 Outside Regular Market Hours. Standby polling...

🌙 Outside Regular Market Hours. Standby polling...

🌙 Outside Regular Market Hours. Standby polling...

🌙 Outside Regular Market Hours. Standby polling...

🌙 Outside Regular Market Hours. Standby polling...

🌙 Outside Regular Market Hours. Standby polling...

🌙 Outside Regular Market Hours. Standby polling...

🌙 Outside Regular Market Hours. Standby polling...

🌙 Outside Regular Market Hours. Standby polling...

🌙 Outside Regular Market Hours. Standby polling...

🌙 Outside Regular Market Hours. Standby polling...

🌙 Outside Regular Market Hours. Standby polling...

🌙 Outside Regular Market Hours. Standby polling...

🌙 Outside Regular Market Hours. Standby polling...

🌙 Outside Regular Market Hours. Standby polling...

🌙 Outside Regular Market Hours. Standby polling...

🌙 Outside Regular Market Hours. Standby polling...

🌙 Outside Regular Market Hours. Standby polling...

🌙 Outside Regular Market Hours. Standby polling...

🌙 Outside Regular Market Hours. Standby polling...

🌙 Outside Regular Market Hours. Standby polling...

🌙 Outside Regular Market Hours. Standby polling...

🌙 Outside Regular Market Hours. Standby polling...

🌙 Outside Regular Market Hours. Standby polling...

🌙 Outside Regular Market Hours. Standby polling...

🌙 Outside Regular Market Hours. Standby polling...

🌙 Outside Regular Market Hours. Standby polling...

🌙 Outside Regular Market Hours. Standby polling...

🌙 Outside Regular Market Hours. Standby polling...

🌙 Outside Regular Market Hours. Standby polling...

🌙 Outside Regular Market Hours. Standby polling...

🌙 Outside Regular Market Hours. Standby polling...

🌙 Outside Regular Market Hours. Standby polling...

🌙 Outside Regular Market Hours. Standby polling...

🌙 Outside Regular Market Hours. Standby polling...

🌙 Outside Regular Market Hours. Standby polling...

🌙 Outside Regular Market Hours. Standby polling...

🌙 Outside Regular Market Hours. Standby polling...

🌙 Outside Regular Market Hours. Standby polling...

🌙 Outside Regular Market Hours. Standby polling...

🌙 Outside Regular Market Hours. Standby polling...

🌙 Outside Regular Market Hours. Standby polling...

🌙 Outside Regular Market Hours. Standby polling...

🌙 Outside Regular Market Hours. Standby polling...

🌙 Outside Regular Market Hours. Standby polling...

🌙 Outside Regular Market Hours. Standby polling...

🌙 Outside Regular Market Hours. Standby polling...

🌙 Outside Regular Market Hours. Standby polling...

🌙 Outside Regular Market Hours. Standby polling...

🌙 Outside Regular Market Hours. Standby polling...

🌙 Outside Regular Market Hours. Standby polling...

🌙 Outside Regular Market Hours. Standby polling...

🌙 Outside Regular Market Hours. Standby polling...

🌙 Outside Regular Market Hours. Standby polling...

🌙 Outside Regular Market Hours. Standby polling...

🌙 Outside Regular Market Hours. Standby polling...

🌙 Outside Regular Market Hours. Standby polling...

🌙 Outside Regular Market Hours. Standby polling...

🌙 Outside Regular Market Hours. Standby polling...

🌙 Outside Regular Market Hours. Standby polling...

🌙 Outside Regular Market Hours. Standby polling...

🌙 Outside Regular Market Hours. Standby polling...

🌙 Outside Regular Market Hours. Standby polling...

🌙 Outside Regular Market Hours. Standby polling...

🌙 Outside Regular Market Hours. Standby polling...

🌙 Outside Regular Market Hours. Standby polling...

🌙 Outside Regular Market Hours. Standby polling...

🌙 Outside Regular Market Hours. Standby polling...

🌙 Outside Regular Market Hours. Standby polling...

🌙 Outside Regular Market Hours. Standby polling...

🌙 Outside Regular Market Hours. Standby polling...

🌙 Outside Regular Market Hours. Standby polling...

🌙 Outside Regular Market Hours. Standby polling...

🌙 Outside Regular Market Hours. Standby polling...

🌙 Outside Regular Market Hours. Standby polling...

🌙 Outside Regular Market Hours. Standby polling...

🌙 Outside Regular Market Hours. Standby polling...

🌙 Outside Regular Market Hours. Standby polling...

🌙 Outside Regular Market Hours. Standby polling...

🌙 Outside Regular Market Hours. Standby polling...

🌙 Outside Regular Market Hours. Standby polling...

🌙 Outside Regular Market Hours. Standby polling...

🌙 Outside Regular Market Hours. Standby polling...

🌙 Outside Regular Market Hours. Standby polling...

🌙 Outside Regular Market Hours. Standby polling...

🌙 Outside Regular Market Hours. Standby polling...

🌙 Outside Regular Market Hours. Standby polling...

🌙 Outside Regular Market Hours. Standby polling...

🌙 Outside Regular Market Hours. Standby polling...

🌙 Outside Regular Market Hours. Standby polling...

🌙 Outside Regular Market Hours. Standby polling...

🌙 Outside Regular Market Hours. Standby polling...

🌙 Outside Regular Market Hours. Standby polling...

🌙 Outside Regular Market Hours. Standby polling...

🌙 Outside Regular Market Hours. Standby polling...

🌙 Outside Regular Market Hours. Standby polling...

🌙 Outside Regular Market Hours. Standby polling...

🌙 Outside Regular Market Hours. Standby polling...

🌙 Outside Regular Market Hours. Standby polling...

🌙 Outside Regular Market Hours. Standby polling...

🌙 Outside Regular Market Hours. Standby polling...

🌙 Outside Regular Market Hours. Standby polling...

🌙 Outside Regular Market Hours. Standby polling...

🌙 Outside Regular Market Hours. Standby polling...

🌙 Outside Regular Market Hours. Standby polling...

🌙 Outside Regular Market Hours. Standby polling...

🌙 Outside Regular Market Hours. Standby polling...

🌙 Outside Regular Market Hours. Standby polling...

🌙 Outside Regular Market Hours. Standby polling...

🌙 Outside Regular Market Hours. Standby polling...

🌙 Outside Regular Market Hours. Standby polling...

🌙 Outside Regular Market Hours. Standby polling...

🌙 Outside Regular Market Hours. Standby polling...

🌙 Outside Regular Market Hours. Standby polling...

🌙 Outside Regular Market Hours. Standby polling...

🌙 Outside Regular Market Hours. Standby polling...

🌙 Outside Regular Market Hours. Standby polling...

🌙 Outside Regular Market Hours. Standby polling...

🌙 Outside Regular Market Hours. Standby polling...

🌙 Outside Regular Market Hours. Standby polling...

🌙 Outside Regular Market Hours. Standby polling...

🌙 Outside Regular Market Hours. Standby polling...

🌙 Outside Regular Market Hours. Standby polling...

🌙 Outside Regular Market Hours. Standby polling...

🌙 Outside Regular Market Hours. Standby polling...

🌙 Outside Regular Market Hours. Standby polling...

🌙 Outside Regular Market Hours. Standby polling...

🌙 Outside Regular Market Hours. Standby polling...

🌙 Outside Regular Market Hours. Standby polling...

🌙 Outside Regular Market Hours. Standby polling...

🌙 Outside Regular Market Hours. Standby polling...

🌙 Outside Regular Market Hours. Standby polling...

🌙 Outside Regular Market Hours. Standby polling...

🌙 Outside Regular Market Hours. Standby polling...

🌙 Outside Regular Market Hours. Standby polling...

🌙 Outside Regular Market Hours. Standby polling...

🌙 Outside Regular Market Hours. Standby polling...

🌙 Outside Regular Market Hours. Standby polling...

🌙 Outside Regular Market Hours. Standby polling...

🌙 Outside Regular Market Hours. Standby polling...

🌙 Outside Regular Market Hours. Standby polling...

🌙 Outside Regular Market Hours. Standby polling...

🌙 Outside Regular Market Hours. Standby polling...

🌙 Outside Regular Market Hours. Standby polling...

🌙 Outside Regular Market Hours. Standby polling...

🌙 Outside Regular Market Hours. Standby polling...

🌙 Outside Regular Market Hours. Standby polling...

🌙 Outside Regular Market Hours. Standby polling...

🌙 Outside Regular Market Hours. Standby polling...

🌙 Outside Regular Market Hours. Standby polling...

🌙 Outside Regular Market Hours. Standby polling...

🌙 Outside Regular Market Hours. Standby polling...

🌙 Outside Regular Market Hours. Standby polling...

🌙 Outside Regular Market Hours. Standby polling...

🌙 Outside Regular Market Hours. Standby polling...

🌙 Outside Regular Market Hours. Standby polling...

🌙 Outside Regular Market Hours. Standby polling...

🌙 Outside Regular Market Hours. Standby polling...

🌙 Outside Regular Market Hours. Standby polling...

🌙 Outside Regular Market Hours. Standby polling...

🌙 Outside Regular Market Hours. Standby polling...

🌙 Outside Regular Market Hours. Standby polling...

🌙 Outside Regular Market Hours. Standby polling...

🌙 Outside Regular Market Hours. Standby polling...

🌙 Outside Regular Market Hours. Standby polling...

🌙 Outside Regular Market Hours. Standby polling...

🌙 Outside Regular Market Hours. Standby polling...

🌙 Outside Regular Market Hours. Standby polling...

🌙 Outside Regular Market Hours. Standby polling...

🌙 Outside Regular Market Hours. Standby polling...

🌙 Outside Regular Market Hours. Standby polling...

🌙 Outside Regular Market Hours. Standby polling...

🌙 Outside Regular Market Hours. Standby polling...

🌙 Outside Regular Market Hours. Standby polling...

🌙 Outside Regular Market Hours. Standby polling...

🌙 Outside Regular Market Hours. Standby polling...

🌙 Outside Regular Market Hours. Standby polling...

🌙 Outside Regular Market Hours. Standby polling...

🌙 Outside Regular Market Hours. Standby polling...

🌙 Outside Regular Market Hours. Standby polling...

🌙 Outside Regular Market Hours. Standby polling...

🌙 Outside Regular Market Hours. Standby polling...

🌙 Outside Regular Market Hours. Standby polling...

🌙 Outside Regular Market Hours. Standby polling...

🌙 Outside Regular Market Hours. Standby polling...

🌙 Outside Regular Market Hours. Standby polling...

🌙 Outside Regular Market Hours. Standby polling...

🌙 Outside Regular Market Hours. Standby polling...

🌙 Outside Regular Market Hours. Standby polling...

🌙 Outside Regular Market Hours. Standby polling...

🌙 Outside Regular Market Hours. Standby polling...

🌙 Outside Regular Market Hours. Standby polling...

🌙 Outside Regular Market Hours. Standby polling...

🌙 Outside Regular Market Hours. Standby polling...

🌙 Outside Regular Market Hours. Standby polling...

🌙 Outside Regular Market Hours. Standby polling...

🌙 Outside Regular Market Hours. Standby polling...

🌙 Outside Regular Market Hours. Standby polling...

🌙 Outside Regular Market Hours. Standby polling...

🌙 Outside Regular Market Hours. Standby polling...

🌙 Outside Regular Market Hours. Standby polling...

🌙 Outside Regular Market Hours. Standby polling...

🌙 Outside Regular Market Hours. Standby polling...

🌙 Outside Regular Market Hours. Standby polling...

🌙 Outside Regular Market Hours. Standby polling...

🌙 Outside Regular Market Hours. Standby polling...

🌙 Outside Regular Market Hours. Standby polling...

🌙 Outside Regular Market Hours. Standby polling...

🌙 Outside Regular Market Hours. Standby polling...

🌙 Outside Regular Market Hours. Standby polling...

🌙 Outside Regular Market Hours. Standby polling...

🌙 Outside Regular Market Hours. Standby polling...

🌙 Outside Regular Market Hours. Standby polling...

🌙 Outside Regular Market Hours. Standby polling...

🌙 Outside Regular Market Hours. Standby polling...

🌙 Outside Regular Market Hours. Standby polling...

🌙 Outside Regular Market Hours. Standby polling...

🌙 Outside Regular Market Hours. Standby polling...

🌙 Outside Regular Market Hours. Standby polling...

🌙 Outside Regular Market Hours. Standby polling...

🌙 Outside Regular Market Hours. Standby polling...

🌙 Outside Regular Market Hours. Standby polling...

🌙 Outside Regular Market Hours. Standby polling...

🌙 Outside Regular Market Hours. Standby polling...

🌙 Outside Regular Market Hours. Standby polling...

🌙 Outside Regular Market Hours. Standby polling...

🌙 Outside Regular Market Hours. Standby polling...

🌙 Outside Regular Market Hours. Standby polling...

🌙 Outside Regular Market Hours. Standby polling...

🌙 Outside Regular Market Hours. Standby polling...

🌙 Outside Regular Market Hours. Standby polling...

🌙 Outside Regular Market Hours. Standby polling...

🌙 Outside Regular Market Hours. Standby polling...

🌙 Outside Regular Market Hours. Standby polling...

🌙 Outside Regular Market Hours. Standby polling...

🌙 Outside Regular Market Hours. Standby polling...

🌙 Outside Regular Market Hours. Standby polling...

🌙 Outside Regular Market Hours. Standby polling...

🌙 Outside Regular Market Hours. Standby polling...

🌙 Outside Regular Market Hours. Standby polling...

🌙 Outside Regular Market Hours. Standby polling...

🌙 Outside Regular Market Hours. Standby polling...

🌙 Outside Regular Market Hours. Standby polling...

🌙 Outside Regular Market Hours. Standby polling...

🌙 Outside Regular Market Hours. Standby polling...

🌙 Outside Regular Market Hours. Standby polling...

🌙 Outside Regular Market Hours. Standby polling...

🌙 Outside Regular Market Hours. Standby polling...

🌙 Outside Regular Market Hours. Standby polling...

🌙 Outside Regular Market Hours. Standby polling...

🌙 Outside Regular Market Hours. Standby polling...

🌙 Outside Regular Market Hours. Standby polling...

🌙 Outside Regular Market Hours. Standby polling...

🌙 Outside Regular Market Hours. Standby polling...

🌙 Outside Regular Market Hours. Standby polling...

🌙 Outside Regular Market Hours. Standby polling...

🌙 Outside Regular Market Hours. Standby polling...

🌙 Outside Regular Market Hours. Standby polling...

🌙 Outside Regular Market Hours. Standby polling...

🌙 Outside Regular Market Hours. Standby polling...

🌙 Outside Regular Market Hours. Standby polling...

🌙 Outside Regular Market Hours. Standby polling...

🌙 Outside Regular Market Hours. Standby polling...

🌙 Outside Regular Market Hours. Standby polling...

🌙 Outside Regular Market Hours. Standby polling...

🌙 Outside Regular Market Hours. Standby polling...

🌙 Outside Regular Market Hours. Standby polling...

🌙 Outside Regular Market Hours. Standby polling...

🌙 Outside Regular Market Hours. Standby polling...

🌙 Outside Regular Market Hours. Standby polling...

🌙 Outside Regular Market Hours. Standby polling...

🌙 Outside Regular Market Hours. Standby polling...

🌙 Outside Regular Market Hours. Standby polling...

🌙 Outside Regular Market Hours. Standby polling...

🌙 Outside Regular Market Hours. Standby polling...

🌙 Outside Regular Market Hours. Standby polling...

🌙 Outside Regular Market Hours. Standby polling...

🌙 Outside Regular Market Hours. Standby polling...

🌙 Outside Regular Market Hours. Standby polling...

🌙 Outside Regular Market Hours. Standby polling...

🌙 Outside Regular Market Hours. Standby polling...

🌙 Outside Regular Market Hours. Standby polling...

🌙 Outside Regular Market Hours. Standby polling...

🌙 Outside Regular Market Hours. Standby polling...

🌙 Outside Regular Market Hours. Standby polling...

🌙 Outside Regular Market Hours. Standby polling...

🌙 Outside Regular Market Hours. Standby polling...

🌙 Outside Regular Market Hours. Standby polling...

🌙 Outside Regular Market Hours. Standby polling...

🌙 Outside Regular Market Hours. Standby polling...

🌙 Outside Regular Market Hours. Standby polling...

🌙 Outside Regular Market Hours. Standby polling...

🌙 Outside Regular Market Hours. Standby polling...

🌙 Outside Regular Market Hours. Standby polling...

🌙 Outside Regular Market Hours. Standby polling...

🌙 Outside Regular Market Hours. Standby polling...

🌙 Outside Regular Market Hours. Standby polling...

🌙 Outside Regular Market Hours. Standby polling...

🌙 Outside Regular Market Hours. Standby polling...

🌙 Outside Regular Market Hours. Standby polling...

🌙 Outside Regular Market Hours. Standby polling...

🌙 Outside Regular Market Hours. Standby polling...

🌙 Outside Regular Market Hours. Standby polling...

🌙 Outside Regular Market Hours. Standby polling...

🌙 Outside Regular Market Hours. Standby polling...

🌙 Outside Regular Market Hours. Standby polling...

🌙 Outside Regular Market Hours. Standby polling...

🌙 Outside Regular Market Hours. Standby polling...

🌙 Outside Regular Market Hours. Standby polling...

🌙 Outside Regular Market Hours. Standby polling...

🌙 Outside Regular Market Hours. Standby polling...

🌙 Outside Regular Market Hours. Standby polling...

🌙 Outside Regular Market Hours. Standby polling...

🌙 Outside Regular Market Hours. Standby polling...

🌙 Outside Regular Market Hours. Standby polling...

🌙 Outside Regular Market Hours. Standby polling...

🌙 Outside Regular Market Hours. Standby polling...

🌙 Outside Regular Market Hours. Standby polling...

🌙 Outside Regular Market Hours. Standby polling...

🌙 Outside Regular Market Hours. Standby polling...

🌙 Outside Regular Market Hours. Standby polling...

🌙 Outside Regular Market Hours. Standby polling...

🌙 Outside Regular Market Hours. Standby polling...

🌙 Outside Regular Market Hours. Standby polling...

🌙 Outside Regular Market Hours. Standby polling...

🌙 Outside Regular Market Hours. Standby polling...

🌙 Outside Regular Market Hours. Standby polling...

🌙 Outside Regular Market Hours. Standby polling...

🌙 Outside Regular Market Hours. Standby polling...

🌙 Outside Regular Market Hours. Standby polling...

🌙 Outside Regular Market Hours. Standby polling...

🌙 Outside Regular Market Hours. Standby polling...

🌙 Outside Regular Market Hours. Standby polling...

🌙 Outside Regular Market Hours. Standby polling...

🌙 Outside Regular Market Hours. Standby polling...

🌙 Outside Regular Market Hours. Standby polling...

🌙 Outside Regular Market Hours. Standby polling...

🌙 Outside Regular Market Hours. Standby polling...

🌙 Outside Regular Market Hours. Standby polling...

🌙 Outside Regular Market Hours. Standby polling...

🌙 Outside Regular Market Hours. Standby polling...

🌙 Outside Regular Market Hours. Standby polling...

🌙 Outside Regular Market Hours. Standby polling...

🌙 Outside Regular Market Hours. Standby polling...

🌙 Outside Regular Market Hours. Standby polling...

🌙 Outside Regular Market Hours. Standby polling...

🌙 Outside Regular Market Hours. Standby polling...

🌙 Outside Regular Market Hours. Standby polling...

🌙 Outside Regular Market Hours. Standby polling...

🌙 Outside Regular Market Hours. Standby polling...

🌙 Outside Regular Market Hours. Standby polling...

🌙 Outside Regular Market Hours. Standby polling...

🌙 Outside Regular Market Hours. Standby polling...

🌙 Outside Regular Market Hours. Standby polling...

🌙 Outside Regular Market Hours. Standby polling...

🌙 Outside Regular Market Hours. Standby polling...

🌙 Outside Regular Market Hours. Standby polling...

🌙 Outside Regular Market Hours. Standby polling...

🌙 Outside Regular Market Hours. Standby polling...

🌙 Outside Regular Market Hours. Standby polling...

🌙 Outside Regular Market Hours. Standby polling...

🌙 Outside Regular Market Hours. Standby polling...

🌙 Outside Regular Market Hours. Standby polling...

🌙 Outside Regular Market Hours. Standby polling...

🌙 Outside Regular Market Hours. Standby polling...

🌙 Outside Regular Market Hours. Standby polling...

🌙 Outside Regular Market Hours. Standby polling...

🌙 Outside Regular Market Hours. Standby polling...

🌙 Outside Regular Market Hours. Standby polling...

🌙 Outside Regular Market Hours. Standby polling...

🌙 Outside Regular Market Hours. Standby polling...

🌙 Outside Regular Market Hours. Standby polling...

🌙 Outside Regular Market Hours. Standby polling...

🌙 Outside Regular Market Hours. Standby polling...

🌙 Outside Regular Market Hours. Standby polling...

🌙 Outside Regular Market Hours. Standby polling...

🌙 Outside Regular Market Hours. Standby polling...

🌙 Outside Regular Market Hours. Standby polling...

🌙 Outside Regular Market Hours. Standby polling...

🌙 Outside Regular Market Hours. Standby polling...

🌙 Outside Regular Market Hours. Standby polling...

🌙 Outside Regular Market Hours. Standby polling...

🌙 Outside Regular Market Hours. Standby polling...

🌙 Outside Regular Market Hours. Standby polling...

🌙 Outside Regular Market Hours. Standby polling...

🌙 Outside Regular Market Hours. Standby polling...

🌙 Outside Regular Market Hours. Standby polling...

🌙 Outside Regular Market Hours. Standby polling...

🌙 Outside Regular Market Hours. Standby polling...

🌙 Outside Regular Market Hours. Standby polling...

🌙 Outside Regular Market Hours. Standby polling...

🌙 Outside Regular Market Hours. Standby polling...

🌙 Outside Regular Market Hours. Standby polling...

🌙 Outside Regular Market Hours. Standby polling...

🌙 Outside Regular Market Hours. Standby polling...

🌙 Outside Regular Market Hours. Standby polling...

🌙 Outside Regular Market Hours. Standby polling...

🌙 Outside Regular Market Hours. Standby polling...

🌙 Outside Regular Market Hours. Standby polling...

🌙 Outside Regular Market Hours. Standby polling...

🌙 Outside Regular Market Hours. Standby polling...

🌙 Outside Regular Market Hours. Standby polling...

🌙 Outside Regular Market Hours. Standby polling...

🌙 Outside Regular Market Hours. Standby polling...

🌙 Outside Regular Market Hours. Standby polling...

🌙 Outside Regular Market Hours. Standby polling...

🌙 Outside Regular Market Hours. Standby polling...

🌙 Outside Regular Market Hours. Standby polling...

🌙 Outside Regular Market Hours. Standby polling...

🌙 Outside Regular Market Hours. Standby polling...

🌙 Outside Regular Market Hours. Standby polling...

🌙 Outside Regular Market Hours. Standby polling...

🌙 Outside Regular Market Hours. Standby polling...

🌙 Outside Regular Market Hours. Standby polling...

🌙 Outside Regular Market Hours. Standby polling...

🌙 Outside Regular Market Hours. Standby polling...

🌙 Outside Regular Market Hours. Standby polling...

🌙 Outside Regular Market Hours. Standby polling...

🌙 Outside Regular Market Hours. Standby polling...

🌙 Outside Regular Market Hours. Standby polling...

🌙 Outside Regular Market Hours. Standby polling...

🌙 Outside Regular Market Hours. Standby polling...

🌙 Outside Regular Market Hours. Standby polling...

🌙 Outside Regular Market Hours. Standby polling...

🌙 Outside Regular Market Hours. Standby polling...

🌙 Outside Regular Market Hours. Standby polling...

🌙 Outside Regular Market Hours. Standby polling...

🌙 Outside Regular Market Hours. Standby polling...

🌙 Outside Regular Market Hours. Standby polling...

🌙 Outside Regular Market Hours. Standby polling...

🌙 Outside Regular Market Hours. Standby polling...

🌙 Outside Regular Market Hours. Standby polling...

🌙 Outside Regular Market Hours. Standby polling...

🌙 Outside Regular Market Hours. Standby polling...

🌙 Outside Regular Market Hours. Standby polling...

🌙 Outside Regular Market Hours. Standby polling...

🌙 Outside Regular Market Hours. Standby polling...

🌙 Outside Regular Market Hours. Standby polling...

🌙 Outside Regular Market Hours. Standby polling...

🌙 Outside Regular Market Hours. Standby polling...

🌙 Outside Regular Market Hours. Standby polling...

🌙 Outside Regular Market Hours. Standby polling...

🌙 Outside Regular Market Hours. Standby polling...

🌙 Outside Regular Market Hours. Standby polling...

🌙 Outside Regular Market Hours. Standby polling...

🌙 Outside Regular Market Hours. Standby polling...

🌙 Outside Regular Market Hours. Standby polling...

🌙 Outside Regular Market Hours. Standby polling...

🌙 Outside Regular Market Hours. Standby polling...

🌙 Outside Regular Market Hours. Standby polling...

🌙 Outside Regular Market Hours. Standby polling...

🌙 Outside Regular Market Hours. Standby polling...

🌙 Outside Regular Market Hours. Standby polling...

🌙 Outside Regular Market Hours. Standby polling...

🌙 Outside Regular Market Hours. Standby polling...

🌙 Outside Regular Market Hours. Standby polling...

🌙 Outside Regular Market Hours. Standby polling...

🌙 Outside Regular Market Hours. Standby polling...

🌙 Outside Regular Market Hours. Standby polling...

🌙 Outside Regular Market Hours. Standby polling...

🌙 Outside Regular Market Hours. Standby polling...

🌙 Outside Regular Market Hours. Standby polling...

🌙 Outside Regular Market Hours. Standby polling...

🌙 Outside Regular Market Hours. Standby polling...

🌙 Outside Regular Market Hours. Standby polling...

🌙 Outside Regular Market Hours. Standby polling...

🌙 Outside Regular Market Hours. Standby polling...

🌙 Outside Regular Market Hours. Standby polling...

🌙 Outside Regular Market Hours. Standby polling...

🌙 Outside Regular Market Hours. Standby polling...

🌙 Outside Regular Market Hours. Standby polling...

🌙 Outside Regular Market Hours. Standby polling...

🌙 Outside Regular Market Hours. Standby polling...

🌙 Outside Regular Market Hours. Standby polling...

🌙 Outside Regular Market Hours. Standby polling...

🌙 Outside Regular Market Hours. Standby polling...

🌙 Outside Regular Market Hours. Standby polling...

🌙 Outside Regular Market Hours. Standby polling...

🌙 Outside Regular Market Hours. Standby polling...

🌙 Outside Regular Market Hours. Standby polling...

🌙 Outside Regular Market Hours. Standby polling...

🌙 Outside Regular Market Hours. Standby polling...

🌙 Outside Regular Market Hours. Standby polling...

🌙 Outside Regular Market Hours. Standby polling...

🌙 Outside Regular Market Hours. Standby polling...

🌙 Outside Regular Market Hours. Standby polling...

🌙 Outside Regular Market Hours. Standby polling...

🌙 Outside Regular Market Hours. Standby polling...

🌙 Outside Regular Market Hours. Standby polling...

🌙 Outside Regular Market Hours. Standby polling...

🌙 Outside Regular Market Hours. Standby polling...

🌙 Outside Regular Market Hours. Standby polling...

🌙 Outside Regular Market Hours. Standby polling...

🌙 Outside Regular Market Hours. Standby polling...

🌙 Outside Regular Market Hours. Standby polling...

🌙 Outside Regular Market Hours. Standby polling...

🌙 Outside Regular Market Hours. Standby polling...

🌙 Outside Regular Market Hours. Standby polling...

🌙 Outside Regular Market Hours. Standby polling...

🌙 Outside Regular Market Hours. Standby polling...

🌙 Outside Regular Market Hours. Standby polling...

🌙 Outside Regular Market Hours. Standby polling...

🌙 Outside Regular Market Hours. Standby polling...

🌙 Outside Regular Market Hours. Standby polling...

🌙 Outside Regular Market Hours. Standby polling...

🌙 Outside Regular Market Hours. Standby polling...

🌙 Outside Regular Market Hours. Standby polling...

🌙 Outside Regular Market Hours. Standby polling...

🌙 Outside Regular Market Hours. Standby polling...

🌙 Outside Regular Market Hours. Standby polling...

🌙 Outside Regular Market Hours. Standby polling...

🌙 Outside Regular Market Hours. Standby polling...

🌙 Outside Regular Market Hours. Standby polling...

🌙 Outside Regular Market Hours. Standby polling...

🌙 Outside Regular Market Hours. Standby polling...

🌙 Outside Regular Market Hours. Standby polling...

🌙 Outside Regular Market Hours. Standby polling...

🌙 Outside Regular Market Hours. Standby polling...

🌙 Outside Regular Market Hours. Standby polling...

🌙 Outside Regular Market Hours. Standby polling...

🌙 Outside Regular Market Hours. Standby polling...

🌙 Outside Regular Market Hours. Standby polling...

🌙 Outside Regular Market Hours. Standby polling...

🌙 Outside Regular Market Hours. Standby polling...

🌙 Outside Regular Market Hours. Standby polling...

🌙 Outside Regular Market Hours. Standby polling...

========================================================
📈 Scanning Universe at: 2026-09-21 09:45:06
========================================================

========================================================
📈 Scanning Universe at: 2026-09-21 10:00:06
========================================================

========================================================
📈 Scanning Universe at: 2026-09-21 10:15:08
========================================================
🚀 [BULLISH ORB] SPY | Spot: $767.85 | Alpha Score: 64.2/100
   Selected: SPY260922C00765000 (Delta: 0.63, Mid: $3.72)
🚀 [BULLISH ORB] QQQ | Spot: $733.13 | Alpha Score: 64.7/100
   Selected: QQQ260922C00730000 (Delta: 0.65, Mid: $4.66)
🚀 [BULLISH ORB] AAPL | Spot: $336.78 | Alpha Score: 56.8/100
   Selected: AAPL260923C00335000 (Delta: 0.64, Mid: $3.67)
🚀 [BULLISH ORB] AMD | Spot: $611.64 | Alpha Score: 76.0/100
   Selected: AMD260925C00607500 (Delta: 0.63, Mid: $18.89)

========================================================
📈 Scanning Universe at: 2026-09-21 10:30:09
========================================================
⚪ Max positions (3) reached. Skipping entries.

========================================================
📈 Scanning Universe at: 2026-09-21 10:45:05
========================================================
⚪ Max positions (3) reached. Skipping entries.

========================================================
📈 Scanning Universe at: 2026-09-21 11:00:01
========================================================
⚪ Max positions (3) reached. Skipping entries.

🎯 [TARGET HIT] QQQ @ $736.18 (Exit: QQQ260922C00730000)

🎯 [TARGET HIT] SPY @ $769.77 (Exit: SPY260922C00765000)

========================================================
📈 Scanning Universe at: 2026-09-21 11:15:01
========================================================
🚀 [BULLISH ORB] SPY | Spot: $769.87 | Alpha Score: 64.2/100
   Selected: SPY260922C00767000 (Delta: 0.63, Mid: $3.71)
🚀 [BULLISH ORB] QQQ | Spot: $736.38 | Alpha Score: 59.2/100
   Selected: QQQ260922C00733000 (Delta: 0.66, Mid: $4.85)
🚀 [BULLISH ORB] NVDA | Spot: $225.45 | Alpha Score: nan/100
   Selected: NVDA260928C00222500 (Delta: 0.68, Mid: $5.37)

========================================================
📈 Scanning Universe at: 2026-09-21 11:30:00
========================================================
⚪ Max positions (3) reached. Skipping entries.

========================================================
📈 Scanning Universe at: 2026-09-21 11:45:00
========================================================
⚪ Max positions (3) reached. Skipping entries.

========================================================
📈 Scanning Universe at: 2026-09-21 12:00:02
========================================================
⚪ Max positions (3) reached. Skipping entries.

========================================================
📈 Scanning Universe at: 2026-09-21 12:15:05
========================================================
⚪ Max positions (3) reached. Skipping entries.

🎯 [TARGET HIT] AAPL @ $338.76 (Exit: AAPL260923C00335000)

🎯 [TARGET HIT] SPY @ $771.99 (Exit: SPY260922C00767000)

========================================================
📈 Scanning Universe at: 2026-09-21 12:30:03
========================================================
⚪ Max positions (3) reached. Skipping entries.

========================================================
📈 Scanning Universe at: 2026-09-21 12:45:05
========================================================
⚪ Max positions (3) reached. Skipping entries.

========================================================
📈 Scanning Universe at: 2026-09-21 13:00:06
========================================================
⚪ Max positions (3) reached. Skipping entries.

========================================================
📈 Scanning Universe at: 2026-09-21 13:15:08
========================================================
⚪ Max positions (3) reached. Skipping entries.

========================================================
📈 Scanning Universe at: 2026-09-21 13:30:00
========================================================
⚪ Max positions (3) reached. Skipping entries.

========================================================
📈 Scanning Universe at: 2026-09-21 13:45:03
========================================================
⚪ Max positions (3) reached. Skipping entries.

🎯 [TARGET HIT] QQQ @ $739.75 (Exit: QQQ260922C00733000)

🎯 [TARGET HIT] NVDA @ $227.57 (Exit: NVDA260928C00222500)

========================================================
📈 Scanning Universe at: 2026-09-21 14:00:08
========================================================
🚀 [BULLISH ORB] SPY | Spot: $772.96 | Alpha Score: 59.2/100
   Selected: SPY260922C00770000 (Delta: 0.64, Mid: $3.78)
🚀 [BULLISH ORB] QQQ | Spot: $739.63 | Alpha Score: 70.2/100
   Selected: QQQ260922C00736000 (Delta: 0.67, Mid: $4.94)
🚀 [BULLISH ORB] NVDA | Spot: $227.13 | Alpha Score: 51.6/100
   Selected: NVDA260928C00225000 (Delta: 0.64, Mid: $4.96)
🚀 [BULLISH ORB] AAPL | Spot: $338.28 | Alpha Score: 59.1/100
   Selected: AAPL260928C00335000 (Delta: 0.64, Mid: $6.00)
🚀 [BULLISH ORB] AMZN | Spot: $257.96 | Alpha Score: 50.1/100
   Selected: AMZN260925C00255000 (Delta: 0.70, Mid: $5.30)

========================================================
📈 Scanning Universe at: 2026-09-21 14:15:08
========================================================
⚪ Max positions (3) reached. Skipping entries.

========================================================
📈 Scanning Universe at: 2026-09-21 14:30:05
========================================================
⚪ Max positions (3) reached. Skipping entries.

========================================================
📈 Scanning Universe at: 2026-09-21 14:45:03
========================================================
⚪ Max positions (3) reached. Skipping entries.

🎯 [TARGET HIT] SPY @ $774.32 (Exit: SPY260922C00770000)

🎯 [TARGET HIT] QQQ @ $741.19 (Exit: QQQ260922C00736000)

🎯 [TARGET HIT] NVDA @ $228.36 (Exit: NVDA260928C00225000)

========================================================
📈 Scanning Universe at: 2026-09-21 15:00:10
========================================================
🚀 [BULLISH ORB] SPY | Spot: $774.36 | Alpha Score: 59.2/100
   Selected: SPY260922C00771000 (Delta: 0.65, Mid: $4.08)
🚀 [BULLISH ORB] QQQ | Spot: $741.39 | Alpha Score: 59.2/100
   Selected: QQQ260922C00738000 (Delta: 0.66, Mid: $4.78)
🚀 [BULLISH ORB] NVDA | Spot: $227.68 | Alpha Score: 54.1/100
   Selected: NVDA260928C00225000 (Delta: 0.67, Mid: $5.22)

========================================================
📈 Scanning Universe at: 2026-09-21 15:15:05
========================================================
⚪ Max positions (3) reached. Skipping entries.

========================================================
📈 Scanning Universe at: 2026-09-21 15:30:02
========================================================
⚪ Max positions (3) reached. Skipping entries.

🎯 [TARGET HIT] QQQ @ $742.85 (Exit: QQQ260922C00738000)

========================================================
📈 Scanning Universe at: 2026-09-21 15:45:02
========================================================
🚀 [BULLISH ORB] QQQ | Spot: $742.54 | Alpha Score: 56.7/100
   Selected: QQQ260922C00739000 (Delta: 0.67, Mid: $4.91)

🛑 [EOD CUTOFF] 15:45:35 >= 15:45:00. Liquidating intraday trades.

🌙 Outside Regular Market Hours. Standby polling...

🌙 Outside Regular Market Hours. Standby polling...

🌙 Outside Regular Market Hours. Standby polling...

🌙 Outside Regular Market Hours. Standby polling...

🌙 Outside Regular Market Hours. Standby polling...

🌙 Outside Regular Market Hours. Standby polling...

🌙 Outside Regular Market Hours. Standby polling...

🌙 Outside Regular Market Hours. Standby polling...

🌙 Outside Regular Market Hours. Standby polling...

🌙 Outside Regular Market Hours. Standby polling...

🌙 Outside Regular Market Hours. Standby polling...

🌙 Outside Regular Market Hours. Standby polling...

🌙 Outside Regular Market Hours. Standby polling...

🌙 Outside Regular Market Hours. Standby polling...

🌙 Outside Regular Market Hours. Standby polling...

🌙 Outside Regular Market Hours. Standby polling...

🌙 Outside Regular Market Hours. Standby polling...

🌙 Outside Regular Market Hours. Standby polling...

🌙 Outside Regular Market Hours. Standby polling...

🌙 Outside Regular Market Hours. Standby polling...

🌙 Outside Regular Market Hours. Standby polling...

🌙 Outside Regular Market Hours. Standby polling...

🌙 Outside Regular Market Hours. Standby polling...

🌙 Outside Regular Market Hours. Standby polling...

🌙 Outside Regular Market Hours. Standby polling...

🌙 Outside Regular Market Hours. Standby polling...

🌙 Outside Regular Market Hours. Standby polling...

🌙 Outside Regular Market Hours. Standby polling...

🌙 Outside Regular Market Hours. Standby polling...

🌙 Outside Regular Market Hours. Standby polling...

🌙 Outside Regular Market Hours. Standby polling...

🌙 Outside Regular Market Hours. Standby polling...

🌙 Outside Regular Market Hours. Standby polling...

🌙 Outside Regular Market Hours. Standby polling...

🌙 Outside Regular Market Hours. Standby polling...

🌙 Outside Regular Market Hours. Standby polling...

🌙 Outside Regular Market Hours. Standby polling...

🌙 Outside Regular Market Hours. Standby polling...

🌙 Outside Regular Market Hours. Standby polling...

🌙 Outside Regular Market Hours. Standby polling...

🌙 Outside Regular Market Hours. Standby polling...

🌙 Outside Regular Market Hours. Standby polling...

🌙 Outside Regular Market Hours. Standby polling...

🌙 Outside Regular Market Hours. Standby polling...

🌙 Outside Regular Market Hours. Standby polling...

🌙 Outside Regular Market Hours. Standby polling...

🌙 Outside Regular Market Hours. Standby polling...

🌙 Outside Regular Market Hours. Standby polling...

🌙 Outside Regular Market Hours. Standby polling...

🌙 Outside Regular Market Hours. Standby polling...

🌙 Outside Regular Market Hours. Standby polling...

🌙 Outside Regular Market Hours. Standby polling...

🌙 Outside Regular Market Hours. Standby polling...

🌙 Outside Regular Market Hours. Standby polling...

🌙 Outside Regular Market Hours. Standby polling...

🌙 Outside Regular Market Hours. Standby polling...

🌙 Outside Regular Market Hours. Standby polling...

🌙 Outside Regular Market Hours. Standby polling...

🌙 Outside Regular Market Hours. Standby polling...

🌙 Outside Regular Market Hours. Standby polling...

🌙 Outside Regular Market Hours. Standby polling...

🌙 Outside Regular Market Hours. Standby polling...

🌙 Outside Regular Market Hours. Standby polling...

🌙 Outside Regular Market Hours. Standby polling...

🌙 Outside Regular Market Hours. Standby polling...

🌙 Outside Regular Market Hours. Standby polling...

🌙 Outside Regular Market Hours. Standby polling...

🌙 Outside Regular Market Hours. Standby polling...

🌙 Outside Regular Market Hours. Standby polling...

🌙 Outside Regular Market Hours. Standby polling...

🌙 Outside Regular Market Hours. Standby polling...

🌙 Outside Regular Market Hours. Standby polling...

🌙 Outside Regular Market Hours. Standby polling...

🌙 Outside Regular Market Hours. Standby polling...

🌙 Outside Regular Market Hours. Standby polling...

🌙 Outside Regular Market Hours. Standby polling...

🌙 Outside Regular Market Hours. Standby polling...

🌙 Outside Regular Market Hours. Standby polling...

🌙 Outside Regular Market Hours. Standby polling...

🌙 Outside Regular Market Hours. Standby polling...

🌙 Outside Regular Market Hours. Standby polling...

🌙 Outside Regular Market Hours. Standby polling...

🌙 Outside Regular Market Hours. Standby polling...

🌙 Outside Regular Market Hours. Standby polling...

🌙 Outside Regular Market Hours. Standby polling...

🌙 Outside Regular Market Hours. Standby polling...

🌙 Outside Regular Market Hours. Standby polling...

🌙 Outside Regular Market Hours. Standby polling...

🌙 Outside Regular Market Hours. Standby polling...

🌙 Outside Regular Market Hours. Standby polling...

🌙 Outside Regular Market Hours. Standby polling...

🌙 Outside Regular Market Hours. Standby polling...
